test
test
2012-08-10 19:26:13,430 are you cool enough
